Microchip MPLAB XC8 Compiler V2.10 ()

Linker command line:

-W-3 --edf=C:\Program Files (x86)\Microchip\xc8\v2.10\pic\dat\en_msgs.txt \
  -cs -h+dist/default/debug\ToneMeter.X.debug.sym \
  --cmf=dist/default/debug\ToneMeter.X.debug.cmf -z -Q18F2550 \
  -oC:\Users\Colton\AppData\Local\Temp\ses0.2 --defsym=__MPLAB_BUILD=1 \
  -Mdist/default/debug/ToneMeter.X.debug.map -E1 -ver=XC8 --acfsm=1493 \
  -ASTACK=0400h-07FFh -pstack=STACK -ACODE=00h-07DBFh -ACONST=00h-07DBFh \
  -ASMALLCONST=0800h-08FFhx117,07D00h-07DBFh -AMEDIUMCONST=0800h-07DBFh \
  -ACOMRAM=01h-05Fh -AABS1=00h-03F3h,0400h-07FFh \
  -ABIGRAM=01h-03F3h,0400h-07FFh \
  -ARAM=060h-0FFh,0100h-01FFhx2,0300h-03F3h,0400h-04FFhx4 -ABANK0=060h-0FFh \
  -ABANK1=0100h-01FFh -ABANK2=0200h-02FFh -ABANK3=0300h-03F3h \
  -ABANK4=0400h-04FFh -ABANK5=0500h-05FFh -ABANK6=0600h-06FFh \
  -ABANK7=0700h-07FFh \
  -ASFR=0F60h-0F9Bh,0F9Dh-0FD3h,0FD5h-0FDAh,0FE0h-0FE2h,0FE8h-0FEAh,0FF0h-0FFCh \
  -preset_vec=00h,intcode,intcodelo,powerup,init -pramtop=0800h \
  -psmallconst=SMALLCONST -pmediumconst=MEDIUMCONST -pconst=CONST \
  -AFARRAM=00h-00h -ACONFIG=0300000h-030000Dh -pconfig=CONFIG \
  -AIDLOC=0200000h-0200007h -pidloc=IDLOC -AEEDATA=0F00000h-0F000FFh \
  -peeprom_data=EEDATA \
  -prdata=COMRAM,nvrram=COMRAM,nvbit=COMRAM,rbss=COMRAM,rbit=COMRAM \
  -pfarbss=FARRAM,fardata=FARRAM,nvFARRAM=FARRAM \
  -pintsave_regs=BIGRAM,bigbss=BIGRAM,bigdata=BIGRAM -pbss=RAM \
  -pidata=CODE,irdata=CODE,ibigdata=CODE,ifardata=CODE -prparam=COMRAM \
  C:\Users\Colton\AppData\Local\Temp\ses0.o \
  dist/default/debug\ToneMeter.X.debug.o 

Object code version is 3.11

Machine type is 18F2550

Call graph: (short form)




                Name                               Link     Load   Length Selector   Space Scale
C:\Users\Colton\AppData\Local\Temp\ses0.o
                init                                  0        0        4        0       0
                idloc                            200000   200000        8   200000       0
                config                           300000   300000        E   300000       0
dist/default/debug\ToneMeter.X.debug.o
                smallconst                          800      800       12      400       0
                text36                             188C     188C      10C      409       0
                text35                             1BA2     1BA2       EC      409       0
                text34                             1A9E     1A9E      104      409       0
                text33                              CD2      CD2      42A      409       0
                text32                              812      812      4C0      409       0
                text31                             21A6     21A6       46      409       0
                text30                             1998     1998      106      409       0
                text29                             16D8     16D8      1B4      409       0
                text28                             247E     247E        6      409       0
                text27                             2484     2484        2      409       0
                text26                             1C8E     1C8E       E4      409       0
                text25                             2454     2454       12      409       0
                text24                             2312     2312       34      409       0
                text23                             2426     2426       18      409       0
                text22                             240E     240E       18      409       0
                text21                             222C     222C       40      409       0
                text20                             1E50     1E50       DC      409       0
                text19                             2044     2044       70      409       0
                text18                             1D72     1D72       DE      409       0
                text17                             243E     243E       16      409       0
                text16                             10FC     10FC      3D0      409       0
                text15                             23F4     23F4       1A      409       0
                text14                             2378     2378       26      409       0
                text13                             23DA     23DA       1A      409       0
                text12                             22DE     22DE       34      409       0
                text11                             1F2C     1F2C       9C      409       0
                text10                             14CC     14CC      20C      409       0
                text9                              215C     215C       4A      409       0
                text8                              23BE     23BE       1C      409       0
                text7                              21EC     21EC       40      409       0
                text6                              2476     2476        8      409       0
                text5                              239E     239E       20      409       0
                text4                              2346     2346       32      409       0
                text3                              210E     210E       4E      409       0
                text2                              22AA     22AA       34      409       0
                text1                              1FC8     1FC8       7C      409       0
                text0                              226C     226C       3E      409       0
                cstackCOMRAM                          1        1       5B        1       1
                bssBANK1                            100      100       82      100       1
                dataBANK0                            85       85       10       60       1
                bssBANK0                             60       60       25       60       1
                dataCOMRAM                           5F       5F        1        1       1
                bssCOMRAM                            5C       5C        3        1       1
                cinit                              20B4     20B4       5A      409       0
                idataBANK0                         2466     2466       10      409       0
                idataCOMRAM                        2486     2486        1      409       0

TOTAL           Name                               Link     Load   Length     Space
        CLASS   STACK          

        CLASS   CODE           
                init                                  0        0        4         0
                text36                             188C     188C      10C         0
                text35                             1BA2     1BA2       EC         0
                text34                             1A9E     1A9E      104         0
                text33                              CD2      CD2      42A         0
                text32                              812      812      4C0         0
                text31                             21A6     21A6       46         0
                text30                             1998     1998      106         0
                text29                             16D8     16D8      1B4         0
                text28                             247E     247E        6         0
                text27                             2484     2484        2         0
                text26                             1C8E     1C8E       E4         0
                text25                             2454     2454       12         0
                text24                             2312     2312       34         0
                text23                             2426     2426       18         0
                text22                             240E     240E       18         0
                text21                             222C     222C       40         0
                text20                             1E50     1E50       DC         0
                text19                             2044     2044       70         0
                text18                             1D72     1D72       DE         0
                text17                             243E     243E       16         0
                text16                             10FC     10FC      3D0         0
                text15                             23F4     23F4       1A         0
                text14                             2378     2378       26         0
                text13                             23DA     23DA       1A         0
                text12                             22DE     22DE       34         0
                text11                             1F2C     1F2C       9C         0
                text10                             14CC     14CC      20C         0
                text9                              215C     215C       4A         0
                text8                              23BE     23BE       1C         0
                text7                              21EC     21EC       40         0
                text6                              2476     2476        8         0
                text5                              239E     239E       20         0
                text4                              2346     2346       32         0
                text3                              210E     210E       4E         0
                text2                              22AA     22AA       34         0
                text1                              1FC8     1FC8       7C         0
                text0                              226C     226C       3E         0
                cinit                              20B4     20B4       5A         0
                idataBANK0                         2466     2466       10         0
                idataCOMRAM                        2486     2486        1         0

        CLASS   CONST          

        CLASS   SMALLCONST     
                smallconst                          800      800       12         0

        CLASS   MEDIUMCONST    

        CLASS   COMRAM         
                cstackCOMRAM                          1        1       5B         1
                dataCOMRAM                           5F       5F        1         1
                bssCOMRAM                            5C       5C        3         1

        CLASS   ABS1           

        CLASS   BIGRAM         

        CLASS   RAM            

        CLASS   BANK0          
                dataBANK0                            85       85       10         1
                bssBANK0                             60       60       25         1

        CLASS   BANK1          
                bssBANK1                            100      100       82         1

        CLASS   BANK2          

        CLASS   BANK3          

        CLASS   BANK4          

        CLASS   BANK5          

        CLASS   BANK6          

        CLASS   BANK7          

        CLASS   SFR            

        CLASS   FARRAM         

        CLASS   CONFIG         
                config                           300000   300000        E         0

        CLASS   IDLOC          
                idloc                            200000   200000        8         0

        CLASS   EEDATA         



SEGMENTS        Name                           Load    Length   Top    Selector   Space  Class

                reset_vec                      000000  000004  000004         0       0  CODE    
                cstackCOMRAM                   000001  00005F  000060         1       1  COMRAM  
                bssBANK0                       000060  000035  000095        60       1  BANK0   
                bssBANK1                       000100  000082  000182       100       1  BANK1   
                smallconst                     000800  000012  000812       400       0  SMALLCON
                text32                         000812  001C75  002487       409       0  CODE    
                idloc                          200000  000008  200008    200000       0  IDLOC   
                config                         300000  00000E  30000E    300000       0  CONFIG  


UNUSED ADDRESS RANGES

        Name                Unused          Largest block    Delta
        BANK0            000095-0000FF               6B
        BANK1            000182-0001FF               7E
        BANK2            000200-0002FF              100
        BANK3            000300-0003F3               F4
        BANK4            000400-0004FF              100
        BANK5            000500-0005FF              100
        BANK6            000600-0006FF              100
        BANK7            000700-0007FF              100
        BIGRAM           000095-0000FF               6B
                         000182-0003F3              272
                         000400-0007FF              400
        CODE             000004-0007FF              7FC
                         002487-007DBF             5939
        CONST            000004-0007FF              7FC
                         002487-007DBF             5939
        EEDATA           F00000-F000FF              100
        MEDIUMCONST      002487-007DBF             5939
        RAM              000095-0000FF               6B
                         000182-0003F3              100
                         000400-0007FF              100
        SFR              000F60-000F9B               3C
                         000F9D-000FD3               37
                         000FD5-000FDA                6
                         000FE0-000FE2                3
                         000FE8-000FEA                3
                         000FF0-000FFC                D
        SMALLCONST       002487-007DBF              100
        STACK            000400-0007FF              400

                                  Symbol Table

?_OledApi_printf               cstackCOMRAM 00004A
?___aldiv                      cstackCOMRAM 000001
?___almod                      cstackCOMRAM 000001
?___fladd                      cstackCOMRAM 000001
?___flmul                      cstackCOMRAM 000001
?___flsub                      cstackCOMRAM 000011
?___fltol                      cstackCOMRAM 000001
?___xxtofl                     cstackCOMRAM 000001
ADC_Api_init@_en_pin           cstackCOMRAM 000003
DIGITAL_WRITE@pin              cstackCOMRAM 000003
DIGITAL_WRITE@port             cstackCOMRAM 000001
DIGITAL_WRITE@val              cstackCOMRAM 000004
OledApi@_displaycontrol        bssCOMRAM    00005D
OledApi@_displayfunction       bssBANK0     00007E
OledApi@_displaymode           bssCOMRAM    00005C
OledApi_begin@rows             cstackCOMRAM 000022
OledApi_createChar@charmap     cstackCOMRAM 000021
OledApi_createChar@i           cstackCOMRAM 000024
OledApi_createChar@location    cstackCOMRAM 000023
OledApi_init@_enable           cstackCOMRAM 000002
OledApi_printNum@c             cstackCOMRAM 000048
OledApi_printNum@dec           cstackCOMRAM 000029
OledApi_printNum@fract         cstackCOMRAM 000040
OledApi_printNum@i             cstackCOMRAM 00003E
OledApi_printNum@num           cstackCOMRAM 000025
OledApi_printNum@s             cstackCOMRAM 00002D
OledApi_printNum@whole         cstackCOMRAM 000044
OledApi_printSpec@schar        cstackCOMRAM 000021
OledApi_printStr@count         cstackCOMRAM 000029
OledApi_printStr@s             cstackCOMRAM 000025
OledApi_printf@args            cstackCOMRAM 00004C
OledApi_printf@count           cstackCOMRAM 000056
OledApi_printf@dec             cstackCOMRAM 000057
OledApi_printf@findingSpec     cstackCOMRAM 000055
OledApi_printf@list            cstackCOMRAM 000058
OledApi_printf@s               cstackCOMRAM 00004A
OledApi_setCursor@col          cstackCOMRAM 000022
OledApi_setCursor@row          cstackCOMRAM 000021
SPI_Api_sendBit@val            cstackCOMRAM 000006
SPI_Api_sendWord@mask          cstackCOMRAM 00000F
SPI_Api_sendWord@word          cstackCOMRAM 000007
SPI_Api_setSpiDevice@_config   cstackCOMRAM 000006
SPI_Api_setSpiDevice@mask      cstackCOMRAM 000009
_ADCON1bits                    (abs)        000FC1
_ADC_Api_config                text9        00215C
_ADC_Api_init                  text7        0021EC
_DIGITAL_WRITE                 text24       002312
_G_SPI_Api_u8Flags             dataCOMRAM   00005F
_LATB                          (abs)        000F8A
_LATC                          (abs)        000F8B
_OSCCONbits                    (abs)        000FD3
_OledApi_begin                 text4        002346
_OledApi_clear                 text5        00239E
_OledApi_createChar            text3        00210E
_OledApi_home                  text6        002476
_OledApi_init                  text2        0022AA
_OledApi_printNum              text16       0010FC
_OledApi_printSpec             text14       002378
_OledApi_printStr              text11       001F2C
_OledApi_printf                text10       0014CC
_OledApi_printf$1149           cstackCOMRAM 000051
_OledApi_setCursor             text12       0022DE
_OledApi_setCursor$310         cstackCOMRAM 000023
_PORTC                         (abs)        000F82
_SPI_Api_begin                 text23       002426
_SPI_Api_end                   text22       00240E
_SPI_Api_initialize            text8        0023BE
_SPI_Api_sendBit               text21       00222C
_SPI_Api_sendWord              text20       001E50
_SPI_Api_setSpiDevice          text19       002044
_SSPCON1bits                   (abs)        000FC6
_TRISB                         (abs)        000F93
_TRISC                         (abs)        000F94
__CFG_BOR$ON                   (abs)        000000
__CFG_BORV$3                   (abs)        000000
__CFG_CCP2MX$ON                (abs)        000000
__CFG_CP0$OFF                  (abs)        000000
__CFG_CP1$OFF                  (abs)        000000
__CFG_CP2$OFF                  (abs)        000000
__CFG_CP3$OFF                  (abs)        000000
__CFG_CPB$OFF                  (abs)        000000
__CFG_CPD$OFF                  (abs)        000000
__CFG_CPUDIV$OSC1_PLL2         (abs)        000000
__CFG_EBTR0$OFF                (abs)        000000
__CFG_EBTR1$OFF                (abs)        000000
__CFG_EBTR2$OFF                (abs)        000000
__CFG_EBTR3$OFF                (abs)        000000
__CFG_EBTRB$OFF                (abs)        000000
__CFG_FCMEN$OFF                (abs)        000000
__CFG_FOSC$INTOSC_EC           (abs)        000000
__CFG_IESO$OFF                 (abs)        000000
__CFG_LPT1OSC$OFF              (abs)        000000
__CFG_LVP$ON                   (abs)        000000
__CFG_MCLRE$ON                 (abs)        000000
__CFG_PBADEN$ON                (abs)        000000
__CFG_PLLDIV$1                 (abs)        000000
__CFG_PWRT$OFF                 (abs)        000000
__CFG_STVREN$ON                (abs)        000000
__CFG_USBDIV$1                 (abs)        000000
__CFG_VREGEN$OFF               (abs)        000000
__CFG_WDT$OFF                  (abs)        000000
__CFG_WDTPS$32768              (abs)        000000
__CFG_WRT0$OFF                 (abs)        000000
__CFG_WRT1$OFF                 (abs)        000000
__CFG_WRT2$OFF                 (abs)        000000
__CFG_WRT3$OFF                 (abs)        000000
__CFG_WRTB$OFF                 (abs)        000000
__CFG_WRTC$OFF                 (abs)        000000
__CFG_WRTD$OFF                 (abs)        000000
__CFG_XINST$OFF                (abs)        000000
__Exit                         text28       00247E
__Exit@ec                      cstackCOMRAM 000001
__HRAM                         (abs)        000000
__Habs1                        abs1         000000
__Hbank0                       bank0        000000
__Hbank1                       bank1        000000
__Hbank2                       bank2        000000
__Hbank3                       bank3        000000
__Hbank4                       bank4        000000
__Hbank5                       bank5        000000
__Hbank6                       bank6        000000
__Hbank7                       bank7        000000
__Hbigbss                      bigbss       000000
__Hbigdata                     bigdata      000000
__Hbigram                      bigram       000000
__Hbss                         bss          000000
__HbssBANK0                    bssBANK0     000000
__HbssBANK1                    bssBANK1     000000
__HbssCOMRAM                   bssCOMRAM    000000
__Hcinit                       cinit        000000
__Hclrtext                     clrtext      000000
__Hcomram                      comram       000000
__Hconfig                      config       30000E
__Hconst                       const        000000
__HcstackCOMRAM                cstackCOMRAM 000000
__Hdata                        data         000000
__HdataBANK0                   dataBANK0    000000
__HdataCOMRAM                  dataCOMRAM   000000
__Heeprom_data                 eeprom_data  000000
__Hfarbss                      farbss       000000
__Hfardata                     fardata      000000
__Hibigdata                    ibigdata     000000
__Hidata                       idata        000000
__HidataBANK0                  idataBANK0   000000
__HidataCOMRAM                 idataCOMRAM  000000
__Hidloc                       idloc        200008
__Hifardata                    ifardata     000000
__Hinit                        init         000004
__Hintcode                     intcode      000000
__Hintcode_body                intcode_body 000000
__Hintcodelo                   intcodelo    000000
__Hintentry                    intentry     000000
__Hintret                      intret       000000
__Hintsave_regs                intsave_regs 000000
__Hirdata                      irdata       000000
__Hmediumconst                 mediumconst  000000
__HnvFARRAM                    nvFARRAM     000000
__Hnvbit                       nvbit        000000
__Hnvrram                      nvrram       000000
__Hparam                       rparam       000000
__Hpowerup                     powerup      000000
__Hram                         ram          000000
__Hramtop                      ramtop       000800
__Hrbit                        rbit         000000
__Hrbss                        rbss         000000
__Hrdata                       rdata        000000
__Hreset_vec                   reset_vec    000000
__Hrparam                      rparam       000000
__Hsfr                         sfr          000000
__Hsmallconst                  smallconst   000812
__Hspace_0                     (abs)        30000E
__Hspace_1                     (abs)        000182
__Hspace_2                     (abs)        000000
__Hstack                       stack        000000
__Hstruct                      struct       000000
__Htemp                        temp         000000
__Htext                        text         000000
__Htext0                       text0        000000
__Htext1                       text1        000000
__Htext10                      text10       000000
__Htext11                      text11       000000
__Htext12                      text12       000000
__Htext13                      text13       000000
__Htext14                      text14       000000
__Htext15                      text15       000000
__Htext16                      text16       000000
__Htext17                      text17       000000
__Htext18                      text18       000000
__Htext19                      text19       000000
__Htext2                       text2        000000
__Htext20                      text20       000000
__Htext21                      text21       000000
__Htext22                      text22       000000
__Htext23                      text23       000000
__Htext24                      text24       000000
__Htext25                      text25       000000
__Htext26                      text26       000000
__Htext27                      text27       000000
__Htext28                      text28       000000
__Htext29                      text29       000000
__Htext3                       text3        000000
__Htext30                      text30       000000
__Htext31                      text31       000000
__Htext32                      text32       000000
__Htext33                      text33       000000
__Htext34                      text34       000000
__Htext35                      text35       000000
__Htext36                      text36       000000
__Htext37                      text37       000000
__Htext4                       text4        000000
__Htext5                       text5        000000
__Htext6                       text6        000000
__Htext7                       text7        000000
__Htext8                       text8        000000
__Htext9                       text9        000000
__LRAM                         (abs)        000001
__Labs1                        abs1         000000
__Lbank0                       bank0        000000
__Lbank1                       bank1        000000
__Lbank2                       bank2        000000
__Lbank3                       bank3        000000
__Lbank4                       bank4        000000
__Lbank5                       bank5        000000
__Lbank6                       bank6        000000
__Lbank7                       bank7        000000
__Lbigbss                      bigbss       000000
__Lbigdata                     bigdata      000000
__Lbigram                      bigram       000000
__Lbss                         bss          000000
__LbssBANK0                    bssBANK0     000000
__LbssBANK1                    bssBANK1     000000
__LbssCOMRAM                   bssCOMRAM    000000
__Lcinit                       cinit        000000
__Lclrtext                     clrtext      000000
__Lcomram                      comram       000000
__Lconfig                      config       300000
__Lconst                       const        000000
__LcstackCOMRAM                cstackCOMRAM 000000
__Ldata                        data         000000
__LdataBANK0                   dataBANK0    000000
__LdataCOMRAM                  dataCOMRAM   000000
__Leeprom_data                 eeprom_data  000000
__Lfarbss                      farbss       000000
__Lfardata                     fardata      000000
__Libigdata                    ibigdata     000000
__Lidata                       idata        000000
__LidataBANK0                  idataBANK0   000000
__LidataCOMRAM                 idataCOMRAM  000000
__Lidloc                       idloc        200000
__Lifardata                    ifardata     000000
__Linit                        init         000000
__Lintcode                     intcode      000000
__Lintcode_body                intcode_body 000000
__Lintcodelo                   intcodelo    000000
__Lintentry                    intentry     000000
__Lintret                      intret       000000
__Lintsave_regs                intsave_regs 000000
__Lirdata                      irdata       000000
__Lmediumconst                 mediumconst  000000
__LnvFARRAM                    nvFARRAM     000000
__Lnvbit                       nvbit        000000
__Lnvrram                      nvrram       000000
__Lparam                       rparam       000000
__Lpowerup                     powerup      000000
__Lram                         ram          000000
__Lramtop                      ramtop       000800
__Lrbit                        rbit         000000
__Lrbss                        rbss         000000
__Lrdata                       rdata        000000
__Lreset_vec                   reset_vec    000000
__Lrparam                      rparam       000000
__Lsfr                         sfr          000000
__Lsmallconst                  smallconst   000800
__Lspace_0                     (abs)        000000
__Lspace_1                     (abs)        000000
__Lspace_2                     (abs)        000000
__Lstack                       stack        000000
__Lstruct                      struct       000000
__Ltemp                        temp         000000
__Ltext                        text         000000
__Ltext0                       text0        000000
__Ltext1                       text1        000000
__Ltext10                      text10       000000
__Ltext11                      text11       000000
__Ltext12                      text12       000000
__Ltext13                      text13       000000
__Ltext14                      text14       000000
__Ltext15                      text15       000000
__Ltext16                      text16       000000
__Ltext17                      text17       000000
__Ltext18                      text18       000000
__Ltext19                      text19       000000
__Ltext2                       text2        000000
__Ltext20                      text20       000000
__Ltext21                      text21       000000
__Ltext22                      text22       000000
__Ltext23                      text23       000000
__Ltext24                      text24       000000
__Ltext25                      text25       000000
__Ltext26                      text26       000000
__Ltext27                      text27       000000
__Ltext28                      text28       000000
__Ltext29                      text29       000000
__Ltext3                       text3        000000
__Ltext30                      text30       000000
__Ltext31                      text31       000000
__Ltext32                      text32       000000
__Ltext33                      text33       000000
__Ltext34                      text34       000000
__Ltext35                      text35       000000
__Ltext36                      text36       000000
__Ltext37                      text37       000000
__Ltext4                       text4        000000
__Ltext5                       text5        000000
__Ltext6                       text6        000000
__Ltext7                       text7        000000
__Ltext8                       text8        000000
__Ltext9                       text9        000000
__S0                           (abs)        30000E
__S1                           (abs)        000182
__S2                           (abs)        000000
___SPIconfig                   bssBANK0     000077
___aldiv                       text36       00188C
___aldiv@counter               cstackCOMRAM 000009
___aldiv@dividend              cstackCOMRAM 000001
___aldiv@divisor               cstackCOMRAM 000005
___aldiv@quotient              cstackCOMRAM 00000B
___aldiv@sign                  cstackCOMRAM 00000A
___almod                       text35       001BA2
___almod@counter               cstackCOMRAM 000009
___almod@dividend              cstackCOMRAM 000001
___almod@divisor               cstackCOMRAM 000005
___almod@sign                  cstackCOMRAM 00000A
___config                      bssBANK0     000082
___config24                    bssBANK0     000071
___config8                     bssBANK0     000074
___fladd                       text32       000812
___fladd@a                     cstackCOMRAM 000005
___fladd@aexp                  cstackCOMRAM 00000E
___fladd@b                     cstackCOMRAM 000001
___fladd@bexp                  cstackCOMRAM 00000F
___fladd@grs                   cstackCOMRAM 000010
___fladd@signs                 cstackCOMRAM 00000D
___flge                        text34       001A9E
___flge@ff1                    cstackCOMRAM 000019
___flge@ff2                    cstackCOMRAM 00001D
___flmul                       text33       000CD2
___flmul@a                     cstackCOMRAM 000005
___flmul@aexp                  cstackCOMRAM 000012
___flmul@b                     cstackCOMRAM 000001
___flmul@bexp                  cstackCOMRAM 000013
___flmul@grs                   cstackCOMRAM 00000E
___flmul@prod                  cstackCOMRAM 000014
___flmul@sign                  cstackCOMRAM 00000D
___flmul@temp                  cstackCOMRAM 000018
___flsub                       text31       0021A6
___flsub@a                     cstackCOMRAM 000015
___flsub@b                     cstackCOMRAM 000011
___fltol                       text30       001998
___fltol@exp1                  cstackCOMRAM 00000A
___fltol@f1                    cstackCOMRAM 000001
___fltol@sign1                 cstackCOMRAM 000009
___funcs_on_exit               text26       001C8E
___funcs_on_exit@arg           cstackCOMRAM 000009
___funcs_on_exit@func          cstackCOMRAM 000007
___inthi_sp                    stack        000000
___intlo_sp                    stack        000000
___param_bank                  (abs)        000000
___rparam_used                 (abs)        000001
___sp                          stack        000000
___xxtofl                      text29       0016D8
___xxtofl@arg                  cstackCOMRAM 00000B
___xxtofl@exp                  cstackCOMRAM 00000A
___xxtofl@sign                 cstackCOMRAM 000009
___xxtofl@val                  cstackCOMRAM 000001
__accesstop                    (abs)        000060
__activetblptr                 (abs)        000002
__end_of_ADC_Api_config        text9        0021A6
__end_of_ADC_Api_init          text7        00222C
__end_of_DIGITAL_WRITE         text24       002346
__end_of_OledApi_begin         text4        002378
__end_of_OledApi_clear         text5        0023BE
__end_of_OledApi_createChar    text3        00215C
__end_of_OledApi_home          text6        00247E
__end_of_OledApi_init          text2        0022DE
__end_of_OledApi_printNum      text16       0014CC
__end_of_OledApi_printSpec     text14       00239E
__end_of_OledApi_printStr      text11       001FC8
__end_of_OledApi_printf        text10       0016D8
__end_of_OledApi_setCursor     text12       002312
__end_of_SPI_Api_begin         text23       00243E
__end_of_SPI_Api_end           text22       002426
__end_of_SPI_Api_initialize    text8        0023DA
__end_of_SPI_Api_sendBit       text21       00226C
__end_of_SPI_Api_sendWord      text20       001F2C
__end_of_SPI_Api_setSpiDevice  text19       0020B4
__end_of__Exit                 text28       002484
__end_of___aldiv               text36       001998
__end_of___almod               text35       001C8E
__end_of___fladd               text32       000CD2
__end_of___flge                text34       001BA2
__end_of___flmul               text33       0010FC
__end_of___flsub               text31       0021EC
__end_of___fltol               text30       001A9E
__end_of___funcs_on_exit       text26       001D72
__end_of___xxtofl              text29       00188C
__end_of__initialization       cinit        002104
__end_of_call                  text27       002486
__end_of_command               text13       0023F4
__end_of_exit                  text25       002466
__end_of_main                  text0        0022AA
__end_of_send                  text18       001E50
__end_of_setup                 text1        002044
__end_of_write                 text15       00240E
__end_of_writeStr              text17       002454
__initialization               cinit        0020B4
__mediumconst                  mediumconst  000000
__pbssBANK0                    bssBANK0     000060
__pbssBANK1                    bssBANK1     000100
__pbssCOMRAM                   bssCOMRAM    00005C
__pcinit                       cinit        0020B4
__pcstackCOMRAM                cstackCOMRAM 000001
__pdataBANK0                   dataBANK0    000085
__pdataCOMRAM                  dataCOMRAM   00005F
__pidataBANK0                  idataBANK0   002466
__pidataCOMRAM                 idataCOMRAM  002486
__psmallconst                  smallconst   000800
__ptext0                       text0        00226C
__ptext1                       text1        001FC8
__ptext10                      text10       0014CC
__ptext11                      text11       001F2C
__ptext12                      text12       0022DE
__ptext13                      text13       0023DA
__ptext14                      text14       002378
__ptext15                      text15       0023F4
__ptext16                      text16       0010FC
__ptext17                      text17       00243E
__ptext18                      text18       001D72
__ptext19                      text19       002044
__ptext2                       text2        0022AA
__ptext20                      text20       001E50
__ptext21                      text21       00222C
__ptext22                      text22       00240E
__ptext23                      text23       002426
__ptext24                      text24       002312
__ptext25                      text25       002454
__ptext26                      text26       001C8E
__ptext27                      text27       002484
__ptext28                      text28       00247E
__ptext29                      text29       0016D8
__ptext3                       text3        00210E
__ptext30                      text30       001998
__ptext31                      text31       0021A6
__ptext32                      text32       000812
__ptext33                      text33       000CD2
__ptext34                      text34       001A9E
__ptext35                      text35       001BA2
__ptext36                      text36       00188C
__ptext37                      text37       000000
__ptext4                       text4        002346
__ptext5                       text5        00239E
__ptext6                       text6        002476
__ptext7                       text7        0021EC
__ptext8                       text8        0023BE
__ptext9                       text9        00215C
__ramtop                       ramtop       000800
__size_of_ADC_Api_config       (abs)        000000
__size_of_ADC_Api_init         (abs)        000000
__size_of_DIGITAL_WRITE        (abs)        000000
__size_of_OledApi_begin        (abs)        000000
__size_of_OledApi_clear        (abs)        000000
__size_of_OledApi_createChar   (abs)        000000
__size_of_OledApi_home         (abs)        000000
__size_of_OledApi_init         (abs)        000000
__size_of_OledApi_printNum     (abs)        000000
__size_of_OledApi_printSpec    (abs)        000000
__size_of_OledApi_printStr     (abs)        000000
__size_of_OledApi_printf       (abs)        000000
__size_of_OledApi_setCursor    (abs)        000000
__size_of_SPI_Api_begin        (abs)        000000
__size_of_SPI_Api_end          (abs)        000000
__size_of_SPI_Api_initialize   (abs)        000000
__size_of_SPI_Api_sendBit      (abs)        000000
__size_of_SPI_Api_sendWord     (abs)        000000
__size_of_SPI_Api_setSpiDevice (abs)        000000
__size_of__Exit                (abs)        000000
__size_of___aldiv              (abs)        000000
__size_of___almod              (abs)        000000
__size_of___fladd              (abs)        000000
__size_of___flge               (abs)        000000
__size_of___flmul              (abs)        000000
__size_of___flsub              (abs)        000000
__size_of___fltol              (abs)        000000
__size_of___funcs_on_exit      (abs)        000000
__size_of___xxtofl             (abs)        000000
__size_of_call                 (abs)        000000
__size_of_command              (abs)        000000
__size_of_exit                 (abs)        000000
__size_of_main                 (abs)        000000
__size_of_send                 (abs)        000000
__size_of_setup                (abs)        000000
__size_of_write                (abs)        000000
__size_of_writeStr             (abs)        000000
__smallconst                   smallconst   000800
_ac                            dataBANK0    000085
_builtin                       bssBANK1     000100
_call                          text27       002484
_command                       text13       0023DA
_dc                            dataBANK0    00008D
_exit                          text25       002454
_head                          bssBANK0     00007C
_main                          text0        00226C
_send                          text18       001D72
_setup                         text1        001FC8
_slot                          bssBANK0     00007A
_write                         text15       0023F4
_writeStr                      text17       00243E
call@p                         cstackCOMRAM 000001
command@value                  cstackCOMRAM 000020
end_of_initialization          cinit        002104
exit@code                      cstackCOMRAM 00000B
intlevel0                      text         000000
intlevel1                      text         000000
intlevel2                      text         000000
intlevel3                      text         000000
main@count                     bssCOMRAM    00005E
send@buf                       cstackCOMRAM 000013
send@count                     cstackCOMRAM 000015
send@head_sent                 cstackCOMRAM 00001F
send@mode                      cstackCOMRAM 000018
send@p                         cstackCOMRAM 00001D
send@word                      cstackCOMRAM 000019
stackhi                        (abs)        0007FF
stacklo                        (abs)        000400
start                          init         000000
start_initialization           cinit        0020B4
write@value                    cstackCOMRAM 000020
writeStr@len                   cstackCOMRAM 000022
writeStr@value                 cstackCOMRAM 000020


FUNCTION INFORMATION:

 *************** function _main *****************
 Defined at:
		line 63 in file "main.c"
 Parameters:    Size  Location     Type
		None
 Auto vars:     Size  Location     Type
		None
 Return value:  Size  Location     Type
                  1    wreg      void 
 Registers used:
		wreg, fsr0l, fsr0h, fsr2l, fsr2h, status,2, status,0, pclath, tosl, tblptrl, tblptrh, tblptru, prodl, prodh, cstack
 Tracked objects:
		On entry : 
		On exit  : 
		Unchanged: 
 Data sizes:     COMRAM   BANK0   BANK1   BANK2   BANK3   BANK4   BANK5   BANK6   BANK7
      Params:         0       0       0       0       0       0       0       0       0
      Locals:         0       0       0       0       0       0       0       0       0
      Temps:          2       0       0       0       0       0       0       0       0
      Totals:         2       0       0       0       0       0       0       0       0
Total ram usage:        2 bytes
 Hardware stack levels required when called:    9
 This function calls:
		_OledApi_clear
		_OledApi_printf
		_setup
 This function is called by:
		Startup code after reset
 This function uses a non-reentrant model


 *************** function _setup *****************
 Defined at:
		line 45 in file "main.c"
 Parameters:    Size  Location     Type
		None
 Auto vars:     Size  Location     Type
		None
 Return value:  Size  Location     Type
                  1    wreg      void 
 Registers used:
		wreg, fsr0l, fsr0h, fsr2l, fsr2h, status,2, status,0, tblptrl, tblptrh, tblptru, cstack
 Tracked objects:
		On entry : 
		On exit  : 
		Unchanged: 
 Data sizes:     COMRAM   BANK0   BANK1   BANK2   BANK3   BANK4   BANK5   BANK6   BANK7
      Params:         0       0       0       0       0       0       0       0       0
      Locals:         0       0       0       0       0       0       0       0       0
      Temps:          2       0       0       0       0       0       0       0       0
      Totals:         2       0       0       0       0       0       0       0       0
Total ram usage:        2 bytes
 Hardware stack levels used:    1
 Hardware stack levels required when called:    8
 This function calls:
		_ADC_Api_config
		_ADC_Api_init
		_OledApi_begin
		_OledApi_createChar
		_OledApi_init
		_OledApi_printStr
		_OledApi_setCursor
 This function is called by:
		_main
 This function uses a non-reentrant model


 *************** function _OledApi_init *****************
 Defined at:
		line 14 in file "OledApi.c"
 Parameters:    Size  Location     Type
  _enable         1    wreg     unsigned char 
 Auto vars:     Size  Location     Type
  _enable         1    1[COMRAM] unsigned char 
 Return value:  Size  Location     Type
                  1    wreg      void 
 Registers used:
		wreg, status,2, status,0, cstack
 Tracked objects:
		On entry : 
		On exit  : 
		Unchanged: 
 Data sizes:     COMRAM   BANK0   BANK1   BANK2   BANK3   BANK4   BANK5   BANK6   BANK7
      Params:         0       0       0       0       0       0       0       0       0
      Locals:         1       0       0       0       0       0       0       0       0
      Temps:          1       0       0       0       0       0       0       0       0
      Totals:         2       0       0       0       0       0       0       0       0
Total ram usage:        2 bytes
 Hardware stack levels used:    1
 Hardware stack levels required when called:    1
 This function calls:
		_SPI_Api_initialize
 This function is called by:
		_setup
 This function uses a non-reentrant model


 *************** function _OledApi_createChar *****************
 Defined at:
		line 161 in file "OledApi.c"
 Parameters:    Size  Location     Type
  location        1    wreg     unsigned char 
  charmap         2   32[COMRAM] PTR unsigned char 
		 -> ac(8), dc(8), 
 Auto vars:     Size  Location     Type
  location        1   34[COMRAM] unsigned char 
  i               2   35[COMRAM] int 
 Return value:  Size  Location     Type
                  1    wreg      void 
 Registers used:
		wreg, fsr0l, fsr0h, fsr2l, fsr2h, status,2, status,0, tblptrl, tblptrh, tblptru, cstack
 Tracked objects:
		On entry : 
		On exit  : 
		Unchanged: 
 Data sizes:     COMRAM   BANK0   BANK1   BANK2   BANK3   BANK4   BANK5   BANK6   BANK7
      Params:         2       0       0       0       0       0       0       0       0
      Locals:         3       0       0       0       0       0       0       0       0
      Temps:          0       0       0       0       0       0       0       0       0
      Totals:         5       0       0       0       0       0       0       0       0
Total ram usage:        5 bytes
 Hardware stack levels used:    1
 Hardware stack levels required when called:    5
 This function calls:
		_command
		_write
 This function is called by:
		_setup
 This function uses a non-reentrant model


 *************** function _OledApi_begin *****************
 Defined at:
		line 39 in file "OledApi.c"
 Parameters:    Size  Location     Type
  cols            1    wreg     unsigned char 
  rows            1   33[COMRAM] unsigned char 
 Auto vars:     Size  Location     Type
  cols            1    0[COMRAM] unsigned char 
 Return value:  Size  Location     Type
                  1    wreg      void 
 Registers used:
		wreg, fsr0l, fsr0h, fsr2l, fsr2h, status,2, status,0, tblptrl, tblptrh, tblptru, cstack
 Tracked objects:
		On entry : 
		On exit  : 
		Unchanged: 
 Data sizes:     COMRAM   BANK0   BANK1   BANK2   BANK3   BANK4   BANK5   BANK6   BANK7
      Params:         1       0       0       0       0       0       0       0       0
      Locals:         0       0       0       0       0       0       0       0       0
      Temps:          0       0       0       0       0       0       0       0       0
      Totals:         1       0       0       0       0       0       0       0       0
Total ram usage:        1 bytes
 Hardware stack levels used:    1
 Hardware stack levels required when called:    7
 This function calls:
		_OledApi_clear
		_OledApi_home
		_command
 This function is called by:
		_setup
 This function uses a non-reentrant model


 *************** function _OledApi_clear *****************
 Defined at:
		line 69 in file "OledApi.c"
 Parameters:    Size  Location     Type
		None
 Auto vars:     Size  Location     Type
		None
 Return value:  Size  Location     Type
                  1    wreg      void 
 Registers used:
		wreg, fsr0l, fsr0h, fsr2l, fsr2h, status,2, status,0, tblptrl, tblptrh, tblptru, cstack
 Tracked objects:
		On entry : 
		On exit  : 
		Unchanged: 
 Data sizes:     COMRAM   BANK0   BANK1   BANK2   BANK3   BANK4   BANK5   BANK6   BANK7
      Params:         0       0       0       0       0       0       0       0       0
      Locals:         0       0       0       0       0       0       0       0       0
      Temps:          1       0       0       0       0       0       0       0       0
      Totals:         1       0       0       0       0       0       0       0       0
Total ram usage:        1 bytes
 Hardware stack levels used:    1
 Hardware stack levels required when called:    6
 This function calls:
		_OledApi_home
		_command
 This function is called by:
		_main
		_OledApi_begin
 This function uses a non-reentrant model


 *************** function _OledApi_home *****************
 Defined at:
		line 76 in file "OledApi.c"
 Parameters:    Size  Location     Type
		None
 Auto vars:     Size  Location     Type
		None
 Return value:  Size  Location     Type
                  1    wreg      void 
 Registers used:
		wreg, fsr0l, fsr0h, fsr2l, fsr2h, status,2, status,0, tblptrl, tblptrh, tblptru, cstack
 Tracked objects:
		On entry : 
		On exit  : 
		Unchanged: 
 Data sizes:     COMRAM   BANK0   BANK1   BANK2   BANK3   BANK4   BANK5   BANK6   BANK7
      Params:         0       0       0       0       0       0       0       0       0
      Locals:         0       0       0       0       0       0       0       0       0
      Temps:          0       0       0       0       0       0       0       0       0
      Totals:         0       0       0       0       0       0       0       0       0
Total ram usage:        0 bytes
 Hardware stack levels used:    1
 Hardware stack levels required when called:    5
 This function calls:
		_command
 This function is called by:
		_OledApi_begin
		_OledApi_clear
 This function uses a non-reentrant model


 *************** function _ADC_Api_init *****************
 Defined at:
		line 19 in file "ADC_Api.c"
 Parameters:    Size  Location     Type
  _en_pin         1    wreg     unsigned char 
 Auto vars:     Size  Location     Type
  _en_pin         1    2[COMRAM] unsigned char 
 Return value:  Size  Location     Type
                  1    wreg      void 
 Registers used:
		wreg, status,2, status,0, cstack
 Tracked objects:
		On entry : 
		On exit  : 
		Unchanged: 
 Data sizes:     COMRAM   BANK0   BANK1   BANK2   BANK3   BANK4   BANK5   BANK6   BANK7
      Params:         0       0       0       0       0       0       0       0       0
      Locals:         1       0       0       0       0       0       0       0       0
      Temps:          2       0       0       0       0       0       0       0       0
      Totals:         3       0       0       0       0       0       0       0       0
Total ram usage:        3 bytes
 Hardware stack levels used:    1
 Hardware stack levels required when called:    1
 This function calls:
		_SPI_Api_initialize
 This function is called by:
		_setup
 This function uses a non-reentrant model


 *************** function _SPI_Api_initialize *****************
 Defined at:
		line 15 in file "SPI_Api.c"
 Parameters:    Size  Location     Type
		None
 Auto vars:     Size  Location     Type
		None
 Return value:  Size  Location     Type
                  1    wreg      void 
 Registers used:
		status,2, status,0
 Tracked objects:
		On entry : 
		On exit  : 
		Unchanged: 
 Data sizes:     COMRAM   BANK0   BANK1   BANK2   BANK3   BANK4   BANK5   BANK6   BANK7
      Params:         0       0       0       0       0       0       0       0       0
      Locals:         0       0       0       0       0       0       0       0       0
      Temps:          0       0       0       0       0       0       0       0       0
      Totals:         0       0       0       0       0       0       0       0       0
Total ram usage:        0 bytes
 Hardware stack levels used:    1
 This function calls:
		Nothing
 This function is called by:
		_OledApi_init
		_ADC_Api_init
 This function uses a non-reentrant model


 *************** function _ADC_Api_config *****************
 Defined at:
		line 36 in file "ADC_Api.c"
 Parameters:    Size  Location     Type
		None
 Auto vars:     Size  Location     Type
		None
 Return value:  Size  Location     Type
                  1    wreg      void 
 Registers used:
		wreg, fsr2l, fsr2h, status,2, status,0, cstack
 Tracked objects:
		On entry : 
		On exit  : 
		Unchanged: 
 Data sizes:     COMRAM   BANK0   BANK1   BANK2   BANK3   BANK4   BANK5   BANK6   BANK7
      Params:         0       0       0       0       0       0       0       0       0
      Locals:         0       0       0       0       0       0       0       0       0
      Temps:          0       0       0       0       0       0       0       0       0
      Totals:         0       0       0       0       0       0       0       0       0
Total ram usage:        0 bytes
 Hardware stack levels used:    1
 Hardware stack levels required when called:    3
 This function calls:
		_SPI_Api_sendWord
		_SPI_Api_setSpiDevice
 This function is called by:
		_setup
 This function uses a non-reentrant model


 *************** function _OledApi_printf *****************
 Defined at:
		line 177 in file "OledApi.c"
 Parameters:    Size  Location     Type
  s               2   73[COMRAM] PTR unsigned char 
		 -> STR_2(12), 
  args            1   75[COMRAM] unsigned char 
 Auto vars:     Size  Location     Type
  dec             1   86[COMRAM] unsigned char 
  findingSpec     1   84[COMRAM] unsigned char 
  list            2   87[COMRAM] PTR void [1]
		 -> ?_OledApi_printf(1), 
  count           1   85[COMRAM] unsigned char 
 Return value:  Size  Location     Type
                  1    wreg      void 
 Registers used:
		wreg, fsr0l, fsr0h, fsr2l, fsr2h, status,2, status,0, pclath, tosl, tblptrl, tblptrh, tblptru, prodl, prodh, cstack
 Tracked objects:
		On entry : 
		On exit  : 
		Unchanged: 
 Data sizes:     COMRAM   BANK0   BANK1   BANK2   BANK3   BANK4   BANK5   BANK6   BANK7
      Params:         5       0       0       0       0       0       0       0       0
      Locals:         9       0       0       0       0       0       0       0       0
      Temps:          2       0       0       0       0       0       0       0       0
      Totals:        16       0       0       0       0       0       0       0       0
Total ram usage:       16 bytes
 Hardware stack levels used:    1
 Hardware stack levels required when called:    7
 This function calls:
		_OledApi_printNum
		_OledApi_printSpec
		_OledApi_printStr
		_OledApi_setCursor
		___xxtofl
		_exit
		_write
 This function is called by:
		_main
 This function uses a non-reentrant model


 *************** function _OledApi_printStr *****************
 Defined at:
		line 292 in file "OledApi.c"
 Parameters:    Size  Location     Type
  s               2   36[COMRAM] PTR const unsigned char 
		 -> ?_OledApi_printf(1), STR_1(3), 
 Auto vars:     Size  Location     Type
  count           1   40[COMRAM] unsigned char 
 Return value:  Size  Location     Type
                  1    wreg      void 
 Registers used:
		wreg, fsr0l, fsr0h, fsr2l, fsr2h, status,2, status,0, tblptrl, tblptrh, tblptru, cstack
 Tracked objects:
		On entry : 
		On exit  : 
		Unchanged: 
 Data sizes:     COMRAM   BANK0   BANK1   BANK2   BANK3   BANK4   BANK5   BANK6   BANK7
      Params:         2       0       0       0       0       0       0       0       0
      Locals:         1       0       0       0       0       0       0       0       0
      Temps:          2       0       0       0       0       0       0       0       0
      Totals:         5       0       0       0       0       0       0       0       0
Total ram usage:        5 bytes
 Hardware stack levels used:    1
 Hardware stack levels required when called:    6
 This function calls:
		_OledApi_setCursor
		_writeStr
 This function is called by:
		_setup
		_OledApi_printf
 This function uses a non-reentrant model


 *************** function _OledApi_setCursor *****************
 Defined at:
		line 81 in file "OledApi.c"
 Parameters:    Size  Location     Type
  col             1    wreg     unsigned char 
  row             1   32[COMRAM] unsigned char 
 Auto vars:     Size  Location     Type
  col             1   33[COMRAM] unsigned char 
 Return value:  Size  Location     Type
                  1    wreg      void 
 Registers used:
		wreg, fsr0l, fsr0h, fsr2l, fsr2h, status,2, status,0, tblptrl, tblptrh, tblptru, cstack
 Tracked objects:
		On entry : 
		On exit  : 
		Unchanged: 
 Data sizes:     COMRAM   BANK0   BANK1   BANK2   BANK3   BANK4   BANK5   BANK6   BANK7
      Params:         1       0       0       0       0       0       0       0       0
      Locals:         3       0       0       0       0       0       0       0       0
      Temps:          0       0       0       0       0       0       0       0       0
      Totals:         4       0       0       0       0       0       0       0       0
Total ram usage:        4 bytes
 Hardware stack levels used:    1
 Hardware stack levels required when called:    5
 This function calls:
		_command
 This function is called by:
		_setup
		_OledApi_printf
		_OledApi_printStr
 This function uses a non-reentrant model


 *************** function _command *****************
 Defined at:
		line 313 in file "OledApi.c"
 Parameters:    Size  Location     Type
  value           1    wreg     unsigned char 
 Auto vars:     Size  Location     Type
  value           1   31[COMRAM] unsigned char 
 Return value:  Size  Location     Type
                  1    wreg      void 
 Registers used:
		wreg, fsr0l, fsr0h, fsr2l, fsr2h, status,2, status,0, tblptrl, tblptrh, tblptru, cstack
 Tracked objects:
		On entry : 
		On exit  : 
		Unchanged: 
 Data sizes:     COMRAM   BANK0   BANK1   BANK2   BANK3   BANK4   BANK5   BANK6   BANK7
      Params:         0       0       0       0       0       0       0       0       0
      Locals:         1       0       0       0       0       0       0       0       0
      Temps:          0       0       0       0       0       0       0       0       0
      Totals:         1       0       0       0       0       0       0       0       0
Total ram usage:        1 bytes
 Hardware stack levels used:    1
 Hardware stack levels required when called:    4
 This function calls:
		_send
 This function is called by:
		_OledApi_begin
		_OledApi_clear
		_OledApi_home
		_OledApi_setCursor
		_OledApi_createChar
		_OledApi_noDisplay
		_OledApi_display
		_OledApi_noCursor
		_OledApi_cursor
		_OledApi_noBlink
		_OledApi_blink
		_OledApi_scrollDisplayLeft
		_OledApi_scrollDisplayRight
		_OledApi_leftToRight
		_OledApi_rightToLeft
		_OledApi_autoscroll
		_OledApi_noAutoscroll
 This function uses a non-reentrant model


 *************** function _OledApi_printSpec *****************
 Defined at:
		line 169 in file "OledApi.c"
 Parameters:    Size  Location     Type
  schar           1    wreg     unsigned char 
 Auto vars:     Size  Location     Type
  schar           1   32[COMRAM] unsigned char 
 Return value:  Size  Location     Type
                  1    wreg      void 
 Registers used:
		wreg, fsr0l, fsr0h, fsr2l, fsr2h, status,2, status,0, pclath, tosl, tblptrl, tblptrh, tblptru, cstack
 Tracked objects:
		On entry : 
		On exit  : 
		Unchanged: 
 Data sizes:     COMRAM   BANK0   BANK1   BANK2   BANK3   BANK4   BANK5   BANK6   BANK7
      Params:         0       0       0       0       0       0       0       0       0
      Locals:         1       0       0       0       0       0       0       0       0
      Temps:          0       0       0       0       0       0       0       0       0
      Totals:         1       0       0       0       0       0       0       0       0
Total ram usage:        1 bytes
 Hardware stack levels used:    1
 Hardware stack levels required when called:    5
 This function calls:
		_exit
		_write
 This function is called by:
		_OledApi_printf
 This function uses a non-reentrant model


 *************** function _write *****************
 Defined at:
		line 318 in file "OledApi.c"
 Parameters:    Size  Location     Type
  value           1    wreg     unsigned char 
 Auto vars:     Size  Location     Type
  value           1   31[COMRAM] unsigned char 
 Return value:  Size  Location     Type
                  1    wreg      void 
 Registers used:
		wreg, fsr0l, fsr0h, fsr2l, fsr2h, status,2, status,0, tblptrl, tblptrh, tblptru, cstack
 Tracked objects:
		On entry : 
		On exit  : 
		Unchanged: 
 Data sizes:     COMRAM   BANK0   BANK1   BANK2   BANK3   BANK4   BANK5   BANK6   BANK7
      Params:         0       0       0       0       0       0       0       0       0
      Locals:         1       0       0       0       0       0       0       0       0
      Temps:          0       0       0       0       0       0       0       0       0
      Totals:         1       0       0       0       0       0       0       0       0
Total ram usage:        1 bytes
 Hardware stack levels used:    1
 Hardware stack levels required when called:    4
 This function calls:
		_send
 This function is called by:
		_OledApi_createChar
		_OledApi_printSpec
		_OledApi_printf
 This function uses a non-reentrant model


 *************** function _OledApi_printNum *****************
 Defined at:
		line 236 in file "OledApi.c"
 Parameters:    Size  Location     Type
  num             4   36[COMRAM] float 
  dec             1   40[COMRAM] char 
 Auto vars:     Size  Location     Type
  i               2   61[COMRAM] int 
  s              17   44[COMRAM] unsigned char [17]
  whole           4   67[COMRAM] long 
  fract           4   63[COMRAM] long 
  c               2   71[COMRAM] int 
 Return value:  Size  Location     Type
                  1    wreg      void 
 Registers used:
		wreg, fsr0l, fsr0h, fsr2l, fsr2h, status,2, status,0, pclath, tosl, tblptrl, tblptrh, tblptru, prodl, prodh, cstack
 Tracked objects:
		On entry : 
		On exit  : 
		Unchanged: 
 Data sizes:     COMRAM   BANK0   BANK1   BANK2   BANK3   BANK4   BANK5   BANK6   BANK7
      Params:         5       0       0       0       0       0       0       0       0
      Locals:        29       0       0       0       0       0       0       0       0
      Temps:          3       0       0       0       0       0       0       0       0
      Totals:        37       0       0       0       0       0       0       0       0
Total ram usage:       37 bytes
 Hardware stack levels used:    1
 Hardware stack levels required when called:    5
 This function calls:
		___aldiv
		___almod
		___flge
		___flmul
		___flsub
		___fltol
		___xxtofl
		_exit
		_writeStr
 This function is called by:
		_OledApi_printf
 This function uses a non-reentrant model


 *************** function _writeStr *****************
 Defined at:
		line 324 in file "OledApi.c"
 Parameters:    Size  Location     Type
  value           2   31[COMRAM] PTR const unsigned char 
		 -> OledApi_printNum@s(17), ?_OledApi_printf(1), STR_1(3), 
  len             1   33[COMRAM] unsigned char 
 Auto vars:     Size  Location     Type
		None
 Return value:  Size  Location     Type
                  1    wreg      void 
 Registers used:
		wreg, fsr0l, fsr0h, fsr2l, fsr2h, status,2, status,0, tblptrl, tblptrh, tblptru, cstack
 Tracked objects:
		On entry : 
		On exit  : 
		Unchanged: 
 Data sizes:     COMRAM   BANK0   BANK1   BANK2   BANK3   BANK4   BANK5   BANK6   BANK7
      Params:         3       0       0       0       0       0       0       0       0
      Locals:         0       0       0       0       0       0       0       0       0
      Temps:          0       0       0       0       0       0       0       0       0
      Totals:         3       0       0       0       0       0       0       0       0
Total ram usage:        3 bytes
 Hardware stack levels used:    1
 Hardware stack levels required when called:    4
 This function calls:
		_send
 This function is called by:
		_OledApi_printNum
		_OledApi_printStr
 This function uses a non-reentrant model


 *************** function _send *****************
 Defined at:
		line 337 in file "OledApi.c"
 Parameters:    Size  Location     Type
  mode            1    wreg     unsigned char 
  buf             2   18[COMRAM] PTR void 
		 -> write@value(1), command@value(1), OledApi_printNum@s(17), ?_OledApi_printf(1), 
		 -> STR_1(3), 
  count           2   20[COMRAM] unsigned int 
 Auto vars:     Size  Location     Type
  mode            1   23[COMRAM] unsigned char 
  word            4   24[COMRAM] unsigned long 
  p               2   28[COMRAM] PTR unsigned char 
		 -> write@value(1), command@value(1), OledApi_printNum@s(17), ?_OledApi_printf(1), 
		 -> STR_1(3), 
  head_sent       1   30[COMRAM] unsigned char 
 Return value:  Size  Location     Type
                  1    wreg      void 
 Registers used:
		wreg, fsr0l, fsr0h, fsr2l, fsr2h, status,2, status,0, tblptrl, tblptrh, tblptru, cstack
 Tracked objects:
		On entry : 
		On exit  : 
		Unchanged: 
 Data sizes:     COMRAM   BANK0   BANK1   BANK2   BANK3   BANK4   BANK5   BANK6   BANK7
      Params:         4       0       0       0       0       0       0       0       0
      Locals:         8       0       0       0       0       0       0       0       0
      Temps:          1       0       0       0       0       0       0       0       0
      Totals:        13       0       0       0       0       0       0       0       0
Total ram usage:       13 bytes
 Hardware stack levels used:    1
 Hardware stack levels required when called:    3
 This function calls:
		_SPI_Api_begin
		_SPI_Api_end
		_SPI_Api_sendBit
		_SPI_Api_sendWord
		_SPI_Api_setSpiDevice
 This function is called by:
		_command
		_write
		_writeStr
 This function uses a non-reentrant model


 *************** function _SPI_Api_setSpiDevice *****************
 Defined at:
		line 32 in file "SPI_Api.c"
 Parameters:    Size  Location     Type
  _config         3    5[COMRAM] struct .
 Auto vars:     Size  Location     Type
  mask            1    8[COMRAM] unsigned char 
 Return value:  Size  Location     Type
                  1    wreg      _Bool 
 Registers used:
		wreg, fsr2l, fsr2h, status,2, status,0, cstack
 Tracked objects:
		On entry : 
		On exit  : 
		Unchanged: 
 Data sizes:     COMRAM   BANK0   BANK1   BANK2   BANK3   BANK4   BANK5   BANK6   BANK7
      Params:         3       0       0       0       0       0       0       0       0
      Locals:         1       0       0       0       0       0       0       0       0
      Temps:          0       0       0       0       0       0       0       0       0
      Totals:         4       0       0       0       0       0       0       0       0
Total ram usage:        4 bytes
 Hardware stack levels used:    1
 Hardware stack levels required when called:    1
 This function calls:
		_DIGITAL_WRITE
 This function is called by:
		_send
		_ADC_Api_config
 This function uses a non-reentrant model


 *************** function _SPI_Api_sendWord *****************
 Defined at:
		line 83 in file "SPI_Api.c"
 Parameters:    Size  Location     Type
  word            4    6[COMRAM] unsigned long 
 Auto vars:     Size  Location     Type
  mask            4   14[COMRAM] unsigned long 
 Return value:  Size  Location     Type
                  1    wreg      _Bool 
 Registers used:
		wreg, fsr2l, fsr2h, status,2, status,0, cstack
 Tracked objects:
		On entry : 
		On exit  : 
		Unchanged: 
 Data sizes:     COMRAM   BANK0   BANK1   BANK2   BANK3   BANK4   BANK5   BANK6   BANK7
      Params:         4       0       0       0       0       0       0       0       0
      Locals:         4       0       0       0       0       0       0       0       0
      Temps:          4       0       0       0       0       0       0       0       0
      Totals:        12       0       0       0       0       0       0       0       0
Total ram usage:       12 bytes
 Hardware stack levels used:    1
 Hardware stack levels required when called:    2
 This function calls:
		_SPI_Api_sendBit
 This function is called by:
		_send
		_ADC_Api_config
 This function uses a non-reentrant model


 *************** function _SPI_Api_sendBit *****************
 Defined at:
		line 121 in file "SPI_Api.c"
 Parameters:    Size  Location     Type
  val             1    wreg     unsigned char 
 Auto vars:     Size  Location     Type
  val             1    5[COMRAM] unsigned char 
 Return value:  Size  Location     Type
                  1    wreg      _Bool 
 Registers used:
		wreg, fsr2l, fsr2h, status,2, status,0, cstack
 Tracked objects:
		On entry : 
		On exit  : 
		Unchanged: 
 Data sizes:     COMRAM   BANK0   BANK1   BANK2   BANK3   BANK4   BANK5   BANK6   BANK7
      Params:         0       0       0       0       0       0       0       0       0
      Locals:         1       0       0       0       0       0       0       0       0
      Temps:          0       0       0       0       0       0       0       0       0
      Totals:         1       0       0       0       0       0       0       0       0
Total ram usage:        1 bytes
 Hardware stack levels used:    1
 Hardware stack levels required when called:    1
 This function calls:
		_DIGITAL_WRITE
 This function is called by:
		_send
		_SPI_Api_sendWord
 This function uses a non-reentrant model


 *************** function _SPI_Api_end *****************
 Defined at:
		line 70 in file "SPI_Api.c"
 Parameters:    Size  Location     Type
		None
 Auto vars:     Size  Location     Type
		None
 Return value:  Size  Location     Type
                  1    wreg      _Bool 
 Registers used:
		wreg, fsr2l, fsr2h, status,2, status,0, cstack
 Tracked objects:
		On entry : 
		On exit  : 
		Unchanged: 
 Data sizes:     COMRAM   BANK0   BANK1   BANK2   BANK3   BANK4   BANK5   BANK6   BANK7
      Params:         0       0       0       0       0       0       0       0       0
      Locals:         0       0       0       0       0       0       0       0       0
      Temps:          0       0       0       0       0       0       0       0       0
      Totals:         0       0       0       0       0       0       0       0       0
Total ram usage:        0 bytes
 Hardware stack levels used:    1
 Hardware stack levels required when called:    1
 This function calls:
		_DIGITAL_WRITE
 This function is called by:
		_send
 This function uses a non-reentrant model


 *************** function _SPI_Api_begin *****************
 Defined at:
		line 57 in file "SPI_Api.c"
 Parameters:    Size  Location     Type
		None
 Auto vars:     Size  Location     Type
		None
 Return value:  Size  Location     Type
                  1    wreg      _Bool 
 Registers used:
		wreg, fsr2l, fsr2h, status,2, status,0, cstack
 Tracked objects:
		On entry : 
		On exit  : 
		Unchanged: 
 Data sizes:     COMRAM   BANK0   BANK1   BANK2   BANK3   BANK4   BANK5   BANK6   BANK7
      Params:         0       0       0       0       0       0       0       0       0
      Locals:         0       0       0       0       0       0       0       0       0
      Temps:          0       0       0       0       0       0       0       0       0
      Totals:         0       0       0       0       0       0       0       0       0
Total ram usage:        0 bytes
 Hardware stack levels used:    1
 Hardware stack levels required when called:    1
 This function calls:
		_DIGITAL_WRITE
 This function is called by:
		_send
 This function uses a non-reentrant model


 *************** function _DIGITAL_WRITE *****************
 Defined at:
		line 33 in file "main.c"
 Parameters:    Size  Location     Type
  port            2    0[COMRAM] PTR unsigned char 
		 -> LATC(1), 
  pin             1    2[COMRAM] unsigned char 
  val             1    3[COMRAM] unsigned char 
 Auto vars:     Size  Location     Type
		None
 Return value:  Size  Location     Type
                  1    wreg      void 
 Registers used:
		wreg, fsr2l, fsr2h, status,2, status,0
 Tracked objects:
		On entry : 
		On exit  : 
		Unchanged: 
 Data sizes:     COMRAM   BANK0   BANK1   BANK2   BANK3   BANK4   BANK5   BANK6   BANK7
      Params:         4       0       0       0       0       0       0       0       0
      Locals:         0       0       0       0       0       0       0       0       0
      Temps:          1       0       0       0       0       0       0       0       0
      Totals:         5       0       0       0       0       0       0       0       0
Total ram usage:        5 bytes
 Hardware stack levels used:    1
 This function calls:
		Nothing
 This function is called by:
		_SPI_Api_setSpiDevice
		_SPI_Api_begin
		_SPI_Api_end
		_SPI_Api_sendBit
		_SPI_Api_receiveBit
 This function uses a non-reentrant model


 *************** function _exit *****************
 Defined at:
		line 8 in file "C:\Program Files (x86)\Microchip\xc8\v2.10\pic\sources\c99\common\exit.c"
 Parameters:    Size  Location     Type
  code            2   10[COMRAM] int 
 Auto vars:     Size  Location     Type
		None
 Return value:  Size  Location     Type
                  1    wreg      void 
 Registers used:
		wreg, fsr2l, fsr2h, status,2, status,0, pclath, tosl, cstack
 Tracked objects:
		On entry : 
		On exit  : 
		Unchanged: 
 Data sizes:     COMRAM   BANK0   BANK1   BANK2   BANK3   BANK4   BANK5   BANK6   BANK7
      Params:         2       0       0       0       0       0       0       0       0
      Locals:         0       0       0       0       0       0       0       0       0
      Temps:          0       0       0       0       0       0       0       0       0
      Totals:         2       0       0       0       0       0       0       0       0
Total ram usage:        2 bytes
 Hardware stack levels used:    1
 Hardware stack levels required when called:    2
 This function calls:
		__Exit
		___funcs_on_exit
 This function is called by:
		_OledApi_printSpec
		_OledApi_printf
		_OledApi_printNum
 This function uses a non-reentrant model


 *************** function ___funcs_on_exit *****************
 Defined at:
		line 17 in file "C:\Program Files (x86)\Microchip\xc8\v2.10\pic\sources\c99\common\atexit.c"
 Parameters:    Size  Location     Type
		None
 Auto vars:     Size  Location     Type
  arg             2    8[COMRAM] PTR void 
		 -> RAM(2047), 
  func            2    6[COMRAM] PTR FTN(PTR void ,)void 
		 -> call(1), 
 Return value:  Size  Location     Type
                  1    wreg      void 
 Registers used:
		wreg, fsr2l, fsr2h, status,2, status,0, pclath, tosl, cstack
 Tracked objects:
		On entry : 
		On exit  : 
		Unchanged: 
 Data sizes:     COMRAM   BANK0   BANK1   BANK2   BANK3   BANK4   BANK5   BANK6   BANK7
      Params:         0       0       0       0       0       0       0       0       0
      Locals:         4       0       0       0       0       0       0       0       0
      Temps:          4       0       0       0       0       0       0       0       0
      Totals:         8       0       0       0       0       0       0       0       0
Total ram usage:        8 bytes
 Hardware stack levels used:    1
 Hardware stack levels required when called:    1
 This function calls:
		_call
 This function is called by:
		_exit
 This function uses a non-reentrant model


 *************** function _call *****************
 Defined at:
		line 45 in file "C:\Program Files (x86)\Microchip\xc8\v2.10\pic\sources\c99\common\atexit.c"
 Parameters:    Size  Location     Type
  p               2    0[COMRAM] PTR void 
		 -> RAM(2047), 
 Auto vars:     Size  Location     Type
		None
 Return value:  Size  Location     Type
                  1    wreg      void 
 Registers used:
		None
 Tracked objects:
		On entry : 
		On exit  : 
		Unchanged: 
 Data sizes:     COMRAM   BANK0   BANK1   BANK2   BANK3   BANK4   BANK5   BANK6   BANK7
      Params:         2       0       0       0       0       0       0       0       0
      Locals:         0       0       0       0       0       0       0       0       0
      Temps:          0       0       0       0       0       0       0       0       0
      Totals:         2       0       0       0       0       0       0       0       0
Total ram usage:        2 bytes
 Hardware stack levels used:    1
 This function calls:
		Nothing
 This function is called by:
		___funcs_on_exit
 This function uses a non-reentrant model


 *************** function __Exit *****************
 Defined at:
		line 7 in file "C:\Program Files (x86)\Microchip\xc8\v2.10\pic\sources\c99\common\_Exit.c"
 Parameters:    Size  Location     Type
  ec              2    0[COMRAM] int 
 Auto vars:     Size  Location     Type
		None
 Return value:  Size  Location     Type
                  1    wreg      void 
 Registers used:
		None
 Tracked objects:
		On entry : 
		On exit  : 
		Unchanged: 
 Data sizes:     COMRAM   BANK0   BANK1   BANK2   BANK3   BANK4   BANK5   BANK6   BANK7
      Params:         2       0       0       0       0       0       0       0       0
      Locals:         0       0       0       0       0       0       0       0       0
      Temps:          0       0       0       0       0       0       0       0       0
      Totals:         2       0       0       0       0       0       0       0       0
Total ram usage:        2 bytes
 Hardware stack levels used:    1
 This function calls:
		Nothing
 This function is called by:
		_exit
 This function uses a non-reentrant model


 *************** function ___xxtofl *****************
 Defined at:
		line 10 in file "C:\Program Files (x86)\Microchip\xc8\v2.10\pic\sources\c99\common\xxtofl.c"
 Parameters:    Size  Location     Type
  sign            1    wreg     unsigned char 
  val             4    0[COMRAM] long 
 Auto vars:     Size  Location     Type
  sign            1    8[COMRAM] unsigned char 
  arg             4   10[COMRAM] unsigned long 
  exp             1    9[COMRAM] unsigned char 
 Return value:  Size  Location     Type
                  4    0[COMRAM] unsigned char 
 Registers used:
		wreg, status,2, status,0
 Tracked objects:
		On entry : 
		On exit  : 
		Unchanged: 
 Data sizes:     COMRAM   BANK0   BANK1   BANK2   BANK3   BANK4   BANK5   BANK6   BANK7
      Params:         4       0       0       0       0       0       0       0       0
      Locals:         6       0       0       0       0       0       0       0       0
      Temps:          4       0       0       0       0       0       0       0       0
      Totals:        14       0       0       0       0       0       0       0       0
Total ram usage:       14 bytes
 Hardware stack levels used:    1
 This function calls:
		Nothing
 This function is called by:
		_OledApi_printf
		_OledApi_printNum
 This function uses a non-reentrant model


 *************** function ___fltol *****************
 Defined at:
		line 43 in file "C:\Program Files (x86)\Microchip\xc8\v2.10\pic\sources\c99\common\fltol.c"
 Parameters:    Size  Location     Type
  f1              4    0[COMRAM] unsigned char 
 Auto vars:     Size  Location     Type
  exp1            1    9[COMRAM] unsigned char 
  sign1           1    8[COMRAM] unsigned char 
 Return value:  Size  Location     Type
                  4    0[COMRAM] long 
 Registers used:
		wreg, status,2, status,0
 Tracked objects:
		On entry : 
		On exit  : 
		Unchanged: 
 Data sizes:     COMRAM   BANK0   BANK1   BANK2   BANK3   BANK4   BANK5   BANK6   BANK7
      Params:         4       0       0       0       0       0       0       0       0
      Locals:         2       0       0       0       0       0       0       0       0
      Temps:          4       0       0       0       0       0       0       0       0
      Totals:        10       0       0       0       0       0       0       0       0
Total ram usage:       10 bytes
 Hardware stack levels used:    1
 This function calls:
		Nothing
 This function is called by:
		_OledApi_printNum
 This function uses a non-reentrant model


 *************** function ___flsub *****************
 Defined at:
		line 245 in file "C:\Program Files (x86)\Microchip\xc8\v2.10\pic\sources\c99\common\sprcadd.c"
 Parameters:    Size  Location     Type
  b               4   16[COMRAM] long 
  a               4   20[COMRAM] long 
 Auto vars:     Size  Location     Type
		None
 Return value:  Size  Location     Type
                  4   16[COMRAM] long 
 Registers used:
		wreg, status,2, status,0, cstack
 Tracked objects:
		On entry : 
		On exit  : 
		Unchanged: 
 Data sizes:     COMRAM   BANK0   BANK1   BANK2   BANK3   BANK4   BANK5   BANK6   BANK7
      Params:         8       0       0       0       0       0       0       0       0
      Locals:         0       0       0       0       0       0       0       0       0
      Temps:          0       0       0       0       0       0       0       0       0
      Totals:         8       0       0       0       0       0       0       0       0
Total ram usage:        8 bytes
 Hardware stack levels used:    1
 Hardware stack levels required when called:    1
 This function calls:
		___fladd
 This function is called by:
		_OledApi_printNum
 This function uses a non-reentrant model


 *************** function ___fladd *****************
 Defined at:
		line 10 in file "C:\Program Files (x86)\Microchip\xc8\v2.10\pic\sources\c99\common\sprcadd.c"
 Parameters:    Size  Location     Type
  b               4    0[COMRAM] long 
  a               4    4[COMRAM] long 
 Auto vars:     Size  Location     Type
  grs             1   15[COMRAM] unsigned char 
  bexp            1   14[COMRAM] unsigned char 
  aexp            1   13[COMRAM] unsigned char 
  signs           1   12[COMRAM] unsigned char 
 Return value:  Size  Location     Type
                  4    0[COMRAM] unsigned char 
 Registers used:
		wreg, status,2, status,0
 Tracked objects:
		On entry : 
		On exit  : 
		Unchanged: 
 Data sizes:     COMRAM   BANK0   BANK1   BANK2   BANK3   BANK4   BANK5   BANK6   BANK7
      Params:         8       0       0       0       0       0       0       0       0
      Locals:         4       0       0       0       0       0       0       0       0
      Temps:          4       0       0       0       0       0       0       0       0
      Totals:        16       0       0       0       0       0       0       0       0
Total ram usage:       16 bytes
 Hardware stack levels used:    1
 This function calls:
		Nothing
 This function is called by:
		___flsub
 This function uses a non-reentrant model


 *************** function ___flmul *****************
 Defined at:
		line 8 in file "C:\Program Files (x86)\Microchip\xc8\v2.10\pic\sources\c99\common\sprcmul.c"
 Parameters:    Size  Location     Type
  b               4    0[COMRAM] unsigned char 
  a               4    4[COMRAM] unsigned char 
 Auto vars:     Size  Location     Type
  prod            4   19[COMRAM] struct .
  grs             4   13[COMRAM] unsigned long 
  temp            2   23[COMRAM] struct .
  bexp            1   18[COMRAM] unsigned char 
  aexp            1   17[COMRAM] unsigned char 
  sign            1   12[COMRAM] unsigned char 
 Return value:  Size  Location     Type
                  4    0[COMRAM] unsigned char 
 Registers used:
		wreg, status,2, status,0, prodl, prodh
 Tracked objects:
		On entry : 
		On exit  : 
		Unchanged: 
 Data sizes:     COMRAM   BANK0   BANK1   BANK2   BANK3   BANK4   BANK5   BANK6   BANK7
      Params:         8       0       0       0       0       0       0       0       0
      Locals:        13       0       0       0       0       0       0       0       0
      Temps:          4       0       0       0       0       0       0       0       0
      Totals:        25       0       0       0       0       0       0       0       0
Total ram usage:       25 bytes
 Hardware stack levels used:    1
 This function calls:
		Nothing
 This function is called by:
		_OledApi_printNum
 This function uses a non-reentrant model


 *************** function ___flge *****************
 Defined at:
		line 4 in file "C:\Program Files (x86)\Microchip\xc8\v2.10\pic\sources\c99\common\flge.c"
 Parameters:    Size  Location     Type
  ff1             4   24[COMRAM] unsigned char 
  ff2             4   28[COMRAM] unsigned char 
 Auto vars:     Size  Location     Type
		None
 Return value:  Size  Location     Type
		None               void
 Registers used:
		wreg, status,2, status,0
 Tracked objects:
		On entry : 
		On exit  : 
		Unchanged: 
 Data sizes:     COMRAM   BANK0   BANK1   BANK2   BANK3   BANK4   BANK5   BANK6   BANK7
      Params:         8       0       0       0       0       0       0       0       0
      Locals:         0       0       0       0       0       0       0       0       0
      Temps:          4       0       0       0       0       0       0       0       0
      Totals:        12       0       0       0       0       0       0       0       0
Total ram usage:       12 bytes
 Hardware stack levels used:    1
 This function calls:
		Nothing
 This function is called by:
		_OledApi_printNum
 This function uses a non-reentrant model


 *************** function ___almod *****************
 Defined at:
		line 7 in file "C:\Program Files (x86)\Microchip\xc8\v2.10\pic\sources\c99\common\almod.c"
 Parameters:    Size  Location     Type
  dividend        4    0[COMRAM] long 
  divisor         4    4[COMRAM] long 
 Auto vars:     Size  Location     Type
  sign            1    9[COMRAM] unsigned char 
  counter         1    8[COMRAM] unsigned char 
 Return value:  Size  Location     Type
                  4    0[COMRAM] long 
 Registers used:
		wreg, status,2, status,0
 Tracked objects:
		On entry : 
		On exit  : 
		Unchanged: 
 Data sizes:     COMRAM   BANK0   BANK1   BANK2   BANK3   BANK4   BANK5   BANK6   BANK7
      Params:         8       0       0       0       0       0       0       0       0
      Locals:         2       0       0       0       0       0       0       0       0
      Temps:          0       0       0       0       0       0       0       0       0
      Totals:        10       0       0       0       0       0       0       0       0
Total ram usage:       10 bytes
 Hardware stack levels used:    1
 This function calls:
		Nothing
 This function is called by:
		_OledApi_printNum
 This function uses a non-reentrant model


 *************** function ___aldiv *****************
 Defined at:
		line 7 in file "C:\Program Files (x86)\Microchip\xc8\v2.10\pic\sources\c99\common\aldiv.c"
 Parameters:    Size  Location     Type
  dividend        4    0[COMRAM] long 
  divisor         4    4[COMRAM] long 
 Auto vars:     Size  Location     Type
  quotient        4   10[COMRAM] long 
  sign            1    9[COMRAM] unsigned char 
  counter         1    8[COMRAM] unsigned char 
 Return value:  Size  Location     Type
                  4    0[COMRAM] long 
 Registers used:
		wreg, status,2, status,0
 Tracked objects:
		On entry : 
		On exit  : 
		Unchanged: 
 Data sizes:     COMRAM   BANK0   BANK1   BANK2   BANK3   BANK4   BANK5   BANK6   BANK7
      Params:         8       0       0       0       0       0       0       0       0
      Locals:         6       0       0       0       0       0       0       0       0
      Temps:          0       0       0       0       0       0       0       0       0
      Totals:        14       0       0       0       0       0       0       0       0
Total ram usage:       14 bytes
 Hardware stack levels used:    1
 This function calls:
		Nothing
 This function is called by:
		_OledApi_printNum
 This function uses a non-reentrant model



MODULE INFORMATION

Module		Function		Class		Link	Load	Size
C:\Program Files (x86)\Microchip\xc8\v2.10\pic\sources\c99\common\xxtofl.c
		___xxtofl      		CODE           	16D8	0000	437

C:\Program Files (x86)\Microchip\xc8\v2.10\pic\sources\c99\common\xxtofl.c estimated size: 437

C:\Program Files (x86)\Microchip\xc8\v2.10\pic\sources\c99\common\fltol.c
		___fltol       		CODE           	1998	0000	263

C:\Program Files (x86)\Microchip\xc8\v2.10\pic\sources\c99\common\fltol.c estimated size: 263

C:\Program Files (x86)\Microchip\xc8\v2.10\pic\sources\c99\common\aldiv.c
		___aldiv       		CODE           	188C	0000	269

C:\Program Files (x86)\Microchip\xc8\v2.10\pic\sources\c99\common\aldiv.c estimated size: 269

C:\Program Files (x86)\Microchip\xc8\v2.10\pic\sources\c99\common\sprcmul.c
		___flmul       		CODE           	0CD2	0000	1067

C:\Program Files (x86)\Microchip\xc8\v2.10\pic\sources\c99\common\sprcmul.c estimated size: 1067

SPI_Api.c
		_SPI_Api_sendWord		CODE           	1E50	0000	221
		_SPI_Api_begin 		CODE           	2426	0000	25
		_SPI_Api_setSpiDevice		CODE           	2044	0000	113
		_SPI_Api_sendBit		CODE           	222C	0000	65
		_SPI_Api_initialize		CODE           	23BE	0000	29
		_SPI_Api_end   		CODE           	240E	0000	25

SPI_Api.c estimated size: 478

C:\Program Files (x86)\Microchip\xc8\v2.10\pic\sources\c99\common\exit.c
		_exit          		CODE           	2454	0000	19

C:\Program Files (x86)\Microchip\xc8\v2.10\pic\sources\c99\common\exit.c estimated size: 19

C:\Program Files (x86)\Microchip\xc8\v2.10\pic\sources\c99\common\atexit.c
		_call          		CODE           	2484	0000	3
		___funcs_on_exit		CODE           	1C8E	0000	229

C:\Program Files (x86)\Microchip\xc8\v2.10\pic\sources\c99\common\atexit.c estimated size: 232

C:\Program Files (x86)\Microchip\xc8\v2.10\pic\sources\c99\common\flge.c
		___flge        		CODE           	1A9E	0000	261

C:\Program Files (x86)\Microchip\xc8\v2.10\pic\sources\c99\common\flge.c estimated size: 261

shared
		__initialization		CODE           	20B4	0000	81

shared estimated size: 81

C:\Program Files (x86)\Microchip\xc8\v2.10\pic\sources\c99\common\_Exit.c
		__Exit         		CODE           	247E	0000	7

C:\Program Files (x86)\Microchip\xc8\v2.10\pic\sources\c99\common\_Exit.c estimated size: 7

C:\Program Files (x86)\Microchip\xc8\v2.10\pic\sources\c99\common\sprcadd.c
		___flsub       		CODE           	21A6	0000	71
		___fladd       		CODE           	0812	0000	1217

C:\Program Files (x86)\Microchip\xc8\v2.10\pic\sources\c99\common\sprcadd.c estimated size: 1288

ADC_Api.c
		_ADC_Api_init  		CODE           	21EC	0000	65
		_ADC_Api_config		CODE           	215C	0000	75

ADC_Api.c estimated size: 140

OledApi.c
		_writeStr      		CODE           	243E	0000	23
		_OledApi_home  		CODE           	2476	0000	9
		_OledApi_init  		CODE           	22AA	0000	53
		_OledApi_begin 		CODE           	2346	0000	51
		_OledApi_clear 		CODE           	239E	0000	33
		_OledApi_printNum		CODE           	10FC	0000	977
		_OledApi_printSpec		CODE           	2378	0000	39
		_OledApi_printStr		CODE           	1F2C	0000	157
		_OledApi_printf		CODE           	14CC	0000	525
		_OledApi_setCursor		CODE           	22DE	0000	53
		_OledApi_createChar		CODE           	210E	0000	79
		_write         		CODE           	23F4	0000	27
		_send          		CODE           	1D72	0000	223
		_command       		CODE           	23DA	0000	27

OledApi.c estimated size: 2276

main.c
		_main          		CODE           	226C	0000	63
		_setup         		CODE           	1FC8	0000	125
		_DIGITAL_WRITE 		CODE           	2312	0000	53

main.c estimated size: 241

C:\Program Files (x86)\Microchip\xc8\v2.10\pic\sources\c99\common\almod.c
		___almod       		CODE           	1BA2	0000	237

C:\Program Files (x86)\Microchip\xc8\v2.10\pic\sources\c99\common\almod.c estimated size: 237

